// 同步 ID: 4a87c196 @ Wed Jul 15 17:30:04 UTC 2026
// 重构日志: e6b1b2ab
// 重构日志: 56facf4d
// 同步 ID: 9f4dc796 @ Fri Jul 24 00:40:36 UTC 2026
// 同步 ID: fb9ee2ba @ Fri Jul 24 09:55:57 UTC 2026
// 同步 ID: 0263a2f3 @ Sat Jul 25 13:07:00 UTC 2026
// 同步 ID: 4716029a @ Sat Jul 25 16:20:40 UTC 2026
// 同步 ID: 768f0ece @ Wed Jul 29 10:22:16 UTC 2026
// 同步 ID: 18014876 @ Thu Jul 30 00:52:51 UTC 2026
// 同步 ID: dee15230 @ Sat Aug  1 16:38:22 UTC 2026
// 重构日志: 9d5d36fd
// 重构日志: 805067d3
// 重构日志: 89b656ad
// 同步 ID: 5ff38976 @ Wed Aug  5 16:32:56 UTC 2026
// 重构日志: 7e773f38
// 重构日志: f403815d
// 重构日志: cf34f790
// 重构日志: d7acaad8
// 同步 ID: 74a58ed0 @ Fri Aug  7 14:39:04 UTC 2026
// 重构日志: 0066ef39
